krishna@evoke:~/Containerization/webapp-master/webapp$ sudo docker build -t flask-webapp .
unable to prepare context: unable to evaluate symlinks in Dockerfile path: lstat /home/krishna/Containerization/webapp-master/webapp/Dockerfile: no such file or directory
krishna@evoke:~/Containerization/webapp-master/webapp$ ls
app.py  requirements.txt
krishna@evoke:~/Containerization/webapp-master/webapp$ cd ..
krishna@evoke:~/Containerization/webapp-master$ ls
Dockerfile  webapp
krishna@evoke:~/Containerization/webapp-master$ sudo docker build -t flask-webapp .
Sending build context to Docker daemon  16.38kB
Step 1/10 : FROM ubuntu:14.04
14.04: Pulling from library/ubuntu
2e6e20c8e2e6: Pull complete 
95201152d9ff: Pull complete 
5f63a3b65493: Pull complete 
Digest: sha256:63fce984528cec8714c365919882f8fb64c8a3edf23fdfa0b218a2756125456f
Status: Downloaded newer image for ubuntu:14.04
 ---> df043b4f0cf1
Step 2/10 : MAINTAINER Docker Education Team <education@docker.com>
 ---> Running in 1f979717d1aa
Removing intermediate container 1f979717d1aa
 ---> 6c9dff6beed5
Step 3/10 : RUN apt-get update
 ---> Running in 0e0620f04e8e
Ign http://archive.ubuntu.com trusty InRelease
Get:1 http://security.ubuntu.com trusty-security InRelease [65.9 kB]
Get:2 http://archive.ubuntu.com trusty-updates InRelease [65.9 kB]
Get:3 http://archive.ubuntu.com trusty-backports InRelease [65.9 kB]
Hit http://archive.ubuntu.com trusty Release.gpg
Get:4 http://archive.ubuntu.com trusty-updates/main amd64 Packages [1460 kB]
Get:5 http://security.ubuntu.com trusty-security/main amd64 Packages [1032 kB]
Get:6 https://esm.ubuntu.com trusty-infra-security InRelease
Get:7 https://esm.ubuntu.com trusty-infra-updates InRelease
Get:8 https://esm.ubuntu.com trusty-infra-security/main amd64 Packages
Get:9 http://archive.ubuntu.com trusty-updates/restricted amd64 Packages [21.4 kB]
Get:10 http://archive.ubuntu.com trusty-updates/universe amd64 Packages [671 kB]
Get:11 http://archive.ubuntu.com trusty-updates/multiverse amd64 Packages [16.1 kB]
Get:12 http://archive.ubuntu.com trusty-backports/main amd64 Packages [14.7 kB]
Get:13 http://archive.ubuntu.com trusty-backports/restricted amd64 Packages [40 B]
Get:14 http://archive.ubuntu.com trusty-backports/universe amd64 Packages [52.5 kB]
Get:15 http://archive.ubuntu.com trusty-backports/multiverse amd64 Packages [1392 B]
Hit http://archive.ubuntu.com trusty Release
Get:16 http://archive.ubuntu.com trusty/main amd64 Packages [1743 kB]
Get:17 https://esm.ubuntu.com trusty-infra-updates/main amd64 Packages
Get:18 http://security.ubuntu.com trusty-security/restricted amd64 Packages [18.1 kB]
Get:19 http://security.ubuntu.com trusty-security/universe amd64 Packages [378 kB]
Get:20 http://archive.ubuntu.com trusty/restricted amd64 Packages [16.0 kB]
Get:21 http://archive.ubuntu.com trusty/universe amd64 Packages [7589 kB]
Get:22 http://security.ubuntu.com trusty-security/multiverse amd64 Packages [4730 B]
Get:23 http://archive.ubuntu.com trusty/multiverse amd64 Packages [169 kB]
Fetched 13.8 MB in 11s (1238 kB/s)
Reading package lists...
Removing intermediate container 0e0620f04e8e
 ---> bab6e680ed6c
Step 4/10 : RUN DEBIAN_FRONTEND=noninteractive apt-get install -y -q python-all python-pip
 ---> Running in a5642aac01d3
Reading package lists...
Building dependency tree...
Reading state information...
The following extra packages will be installed:
  binutils build-essential cpp cpp-4.8 dpkg-dev fakeroot g++ g++-4.8 gcc
  gcc-4.8 libalgorithm-diff-perl libalgorithm-diff-xs-perl
  libalgorithm-merge-perl libasan0 libatomic1 libc-dev-bin libc6-dev
  libcloog-isl4 libdpkg-perl libfakeroot libfile-fcntllock-perl libgcc-4.8-dev
  libgmp10 libgomp1 libisl10 libitm1 libmpc3 libmpfr4 libpython-stdlib
  libpython2.7-minimal libpython2.7-stdlib libquadmath0 libstdc++-4.8-dev
  libtimedate-perl libtsan0 linux-libc-dev make manpages manpages-dev patch
  python python-chardet python-chardet-whl python-colorama python-colorama-whl
  python-distlib python-distlib-whl python-html5lib python-html5lib-whl
  python-minimal python-pip-whl python-pkg-resources python-requests
  python-requests-whl python-setuptools python-setuptools-whl python-six
  python-six-whl python-urllib3 python-urllib3-whl python-wheel python2.7
  python2.7-minimal xz-utils
Suggested packages:
  binutils-doc cpp-doc gcc-4.8-locales debian-keyring g++-multilib
  g++-4.8-multilib gcc-4.8-doc libstdc++6-4.8-dbg gcc-multilib autoconf
  automake1.9 libtool flex bison gdb gcc-doc gcc-4.8-multilib libgcc1-dbg
  libgomp1-dbg libitm1-dbg libatomic1-dbg libasan0-dbg libtsan0-dbg
  libquadmath0-dbg glibc-doc libstdc++-4.8-doc make-doc man-browser ed
  diffutils-doc python-doc python-tk python-genshi python-lxml
  python-distribute python-distribute-doc python2.7-doc binfmt-support
Recommended packages:
  python-dev-all
The following NEW packages will be installed:
  binutils build-essential cpp cpp-4.8 dpkg-dev fakeroot g++ g++-4.8 gcc
  gcc-4.8 libalgorithm-diff-perl libalgorithm-diff-xs-perl
  libalgorithm-merge-perl libasan0 libatomic1 libc-dev-bin libc6-dev
  libcloog-isl4 libdpkg-perl libfakeroot libfile-fcntllock-perl libgcc-4.8-dev
  libgmp10 libgomp1 libisl10 libitm1 libmpc3 libmpfr4 libpython-stdlib
  libpython2.7-minimal libpython2.7-stdlib libquadmath0 libstdc++-4.8-dev
  libtimedate-perl libtsan0 linux-libc-dev make manpages manpages-dev patch
  python python-all python-chardet python-chardet-whl python-colorama
  python-colorama-whl python-distlib python-distlib-whl python-html5lib
  python-html5lib-whl python-minimal python-pip python-pip-whl
  python-pkg-resources python-requests python-requests-whl python-setuptools
  python-setuptools-whl python-six python-six-whl python-urllib3
  python-urllib3-whl python-wheel python2.7 python2.7-minimal xz-utils
0 upgraded, 66 newly installed, 0 to remove and 1 not upgraded.
Need to get 45.9 MB of archives.
After this operation, 138 MB of additional disk space will be used.
Get:1 http://archive.ubuntu.com/ubuntu/ trusty-updates/main libasan0 amd64 4.8.4-2ubuntu1~14.04.4 [63.1 kB]
Get:2 http://archive.ubuntu.com/ubuntu/ trusty-updates/main libatomic1 amd64 4.8.4-2ubuntu1~14.04.4 [8630 B]
Get:3 http://archive.ubuntu.com/ubuntu/ trusty/main libgmp10 amd64 2:5.1.3+dfsg-1ubuntu1 [218 kB]
Get:4 http://archive.ubuntu.com/ubuntu/ trusty/main libisl10 amd64 0.12.2-1 [419 kB]
Get:5 http://archive.ubuntu.com/ubuntu/ trusty/main libcloog-isl4 amd64 0.18.2-1 [57.5 kB]
Get:6 http://archive.ubuntu.com/ubuntu/ trusty-updates/main libgomp1 amd64 4.8.4-2ubuntu1~14.04.4 [23.1 kB]
Get:7 http://archive.ubuntu.com/ubuntu/ trusty-updates/main libitm1 amd64 4.8.4-2ubuntu1~14.04.4 [28.6 kB]
Get:8 http://archive.ubuntu.com/ubuntu/ trusty/main libmpfr4 amd64 3.1.2-1 [203 kB]
Get:9 http://archive.ubuntu.com/ubuntu/ trusty-updates/main libquadmath0 amd64 4.8.4-2ubuntu1~14.04.4 [126 kB]
Get:10 http://archive.ubuntu.com/ubuntu/ trusty-updates/main libtsan0 amd64 4.8.4-2ubuntu1~14.04.4 [94.8 kB]
Get:11 http://archive.ubuntu.com/ubuntu/ trusty-updates/main libpython2.7-minimal amd64 2.7.6-8ubuntu0.5 [308 kB]
Get:12 http://archive.ubuntu.com/ubuntu/ trusty-updates/main python2.7-minimal amd64 2.7.6-8ubuntu0.5 [1186 kB]
Get:13 http://archive.ubuntu.com/ubuntu/ trusty/main libmpc3 amd64 1.0.1-1ubuntu1 [38.4 kB]
Get:14 http://archive.ubuntu.com/ubuntu/ trusty/main manpages all 3.54-1ubuntu1 [627 kB]
Get:15 http://archive.ubuntu.com/ubuntu/ trusty-updates/main binutils amd64 2.24-5ubuntu14.2 [2076 kB]
Get:16 http://archive.ubuntu.com/ubuntu/ trusty-updates/main libc-dev-bin amd64 2.19-0ubuntu6.15 [68.9 kB]
Get:17 http://archive.ubuntu.com/ubuntu/ trusty-updates/main linux-libc-dev amd64 3.13.0-170.220 [772 kB]
Get:18 http://archive.ubuntu.com/ubuntu/ trusty-updates/main libc6-dev amd64 2.19-0ubuntu6.15 [1913 kB]
Get:19 http://archive.ubuntu.com/ubuntu/ trusty-updates/main cpp-4.8 amd64 4.8.4-2ubuntu1~14.04.4 [4452 kB]
Get:20 http://archive.ubuntu.com/ubuntu/ trusty/main cpp amd64 4:4.8.2-1ubuntu6 [27.5 kB]
Get:21 http://archive.ubuntu.com/ubuntu/ trusty-updates/main libgcc-4.8-dev amd64 4.8.4-2ubuntu1~14.04.4 [1688 kB]
Get:22 http://archive.ubuntu.com/ubuntu/ trusty-updates/main gcc-4.8 amd64 4.8.4-2ubuntu1~14.04.4 [5040 kB]
Get:23 http://archive.ubuntu.com/ubuntu/ trusty/main gcc amd64 4:4.8.2-1ubuntu6 [5098 B]
Get:24 http://archive.ubuntu.com/ubuntu/ trusty-updates/main libstdc++-4.8-dev amd64 4.8.4-2ubuntu1~14.04.4 [1051 kB]
Get:25 http://archive.ubuntu.com/ubuntu/ trusty-updates/main g++-4.8 amd64 4.8.4-2ubuntu1~14.04.4 [18.0 MB]
Get:26 http://archive.ubuntu.com/ubuntu/ trusty/main g++ amd64 4:4.8.2-1ubuntu6 [1490 B]
Get:27 http://archive.ubuntu.com/ubuntu/ trusty/main make amd64 3.81-8.2ubuntu3 [119 kB]
Get:28 http://archive.ubuntu.com/ubuntu/ trusty/main libtimedate-perl all 2.3000-1 [37.2 kB]
Get:29 http://archive.ubuntu.com/ubuntu/ trusty-updates/main libdpkg-perl all 1.17.5ubuntu5.8 [179 kB]
Get:30 http://archive.ubuntu.com/ubuntu/ trusty/main xz-utils amd64 5.1.1alpha+20120614-2ubuntu2 [78.8 kB]
Get:31 http://archive.ubuntu.com/ubuntu/ trusty-updates/main patch amd64 2.7.1-4ubuntu2.4 [86.9 kB]
Get:32 http://archive.ubuntu.com/ubuntu/ trusty-updates/main dpkg-dev all 1.17.5ubuntu5.8 [726 kB]
Get:33 http://archive.ubuntu.com/ubuntu/ trusty/main build-essential amd64 11.6ubuntu6 [4838 B]
Get:34 http://archive.ubuntu.com/ubuntu/ trusty/main libfakeroot amd64 1.20-3ubuntu2 [25.4 kB]
Get:35 http://archive.ubuntu.com/ubuntu/ trusty/main fakeroot amd64 1.20-3ubuntu2 [55.0 kB]
Get:36 http://archive.ubuntu.com/ubuntu/ trusty/main libalgorithm-diff-perl all 1.19.02-3 [50.0 kB]
Get:37 http://archive.ubuntu.com/ubuntu/ trusty/main libalgorithm-diff-xs-perl amd64 0.04-2build4 [12.6 kB]
Get:38 http://archive.ubuntu.com/ubuntu/ trusty/main libalgorithm-merge-perl all 0.08-2 [12.7 kB]
Get:39 http://archive.ubuntu.com/ubuntu/ trusty/main libfile-fcntllock-perl amd64 0.14-2build1 [15.9 kB]
Get:40 http://archive.ubuntu.com/ubuntu/ trusty-updates/main libpython2.7-stdlib amd64 2.7.6-8ubuntu0.5 [1872 kB]
Get:41 http://archive.ubuntu.com/ubuntu/ trusty/main libpython-stdlib amd64 2.7.5-5ubuntu3 [7012 B]
Get:42 http://archive.ubuntu.com/ubuntu/ trusty/main manpages-dev all 3.54-1ubuntu1 [1820 kB]
Get:43 http://archive.ubuntu.com/ubuntu/ trusty-updates/main python2.7 amd64 2.7.6-8ubuntu0.5 [197 kB]
Get:44 http://archive.ubuntu.com/ubuntu/ trusty/main python-minimal amd64 2.7.5-5ubuntu3 [27.5 kB]
Get:45 http://archive.ubuntu.com/ubuntu/ trusty/main python amd64 2.7.5-5ubuntu3 [134 kB]
Get:46 http://archive.ubuntu.com/ubuntu/ trusty/main python-all amd64 2.7.5-5ubuntu3 [984 B]
Get:47 http://archive.ubuntu.com/ubuntu/ trusty/main python-chardet all 2.0.1-2build2 [106 kB]
Get:48 http://archive.ubuntu.com/ubuntu/ trusty-updates/universe python-chardet-whl all 2.2.1-2~ubuntu1 [170 kB]
Get:49 http://archive.ubuntu.com/ubuntu/ trusty-updates/universe python-colorama all 0.2.5-0.1ubuntu2 [18.4 kB]
Get:50 http://archive.ubuntu.com/ubuntu/ trusty-updates/universe python-colorama-whl all 0.2.5-0.1ubuntu2 [18.2 kB]
Get:51 http://archive.ubuntu.com/ubuntu/ trusty-updates/universe python-distlib all 0.1.8-1ubuntu1 [113 kB]
Get:52 http://archive.ubuntu.com/ubuntu/ trusty-updates/universe python-distlib-whl all 0.1.8-1ubuntu1 [140 kB]
Get:53 http://archive.ubuntu.com/ubuntu/ trusty-updates/main python-six all 1.5.2-1ubuntu1.1 [8348 B]
Get:54 http://archive.ubuntu.com/ubuntu/ trusty-updates/main python-html5lib all 0.999-3~ubuntu1 [83.5 kB]
Get:55 http://archive.ubuntu.com/ubuntu/ trusty-updates/main python-html5lib-whl all 0.999-3~ubuntu1 [109 kB]
Get:56 http://archive.ubuntu.com/ubuntu/ trusty-updates/main python-six-whl all 1.5.2-1ubuntu1.1 [10.6 kB]
Get:57 http://archive.ubuntu.com/ubuntu/ trusty-updates/main python-urllib3-whl all 1.7.1-1ubuntu4.1 [63.9 kB]
Get:58 http://archive.ubuntu.com/ubuntu/ trusty-updates/main python-requests-whl all 2.2.1-1ubuntu0.4 [228 kB]
Get:59 http://archive.ubuntu.com/ubuntu/ trusty-updates/main python-setuptools-whl all 3.3-1ubuntu2 [244 kB]
Get:60 http://archive.ubuntu.com/ubuntu/ trusty-updates/universe python-pip-whl all 1.5.4-1ubuntu4 [111 kB]
Get:61 http://archive.ubuntu.com/ubuntu/ trusty-updates/main python-pkg-resources all 3.3-1ubuntu2 [61.9 kB]
Get:62 http://archive.ubuntu.com/ubuntu/ trusty-updates/main python-urllib3 all 1.7.1-1ubuntu4.1 [39.4 kB]
Get:63 http://archive.ubuntu.com/ubuntu/ trusty-updates/main python-requests all 2.2.1-1ubuntu0.4 [43.5 kB]
Get:64 http://archive.ubuntu.com/ubuntu/ trusty-updates/main python-setuptools all 3.3-1ubuntu2 [230 kB]
Get:65 http://archive.ubuntu.com/ubuntu/ trusty-updates/universe python-pip all 1.5.4-1ubuntu4 [97.3 kB]
Get:66 http://archive.ubuntu.com/ubuntu/ trusty-updates/main python-wheel all 0.24.0-1~ubuntu1.1 [44.7 kB]
Extracting templates from packages: 100%
Fetched 45.9 MB in 32s (1398 kB/s)
Selecting previously unselected package libasan0:amd64.
(Reading database ... 12097 files and directories currently installed.)
Preparing to unpack .../libasan0_4.8.4-2ubuntu1~14.04.4_amd64.deb ...
Unpacking libasan0:amd64 (4.8.4-2ubuntu1~14.04.4) ...
Selecting previously unselected package libatomic1:amd64.
Preparing to unpack .../libatomic1_4.8.4-2ubuntu1~14.04.4_amd64.deb ...
Unpacking libatomic1:amd64 (4.8.4-2ubuntu1~14.04.4) ...
Selecting previously unselected package libgmp10:amd64.
Preparing to unpack .../libgmp10_2%3a5.1.3+dfsg-1ubuntu1_amd64.deb ...
Unpacking libgmp10:amd64 (2:5.1.3+dfsg-1ubuntu1) ...
Selecting previously unselected package libisl10:amd64.
Preparing to unpack .../libisl10_0.12.2-1_amd64.deb ...
Unpacking libisl10:amd64 (0.12.2-1) ...
Selecting previously unselected package libcloog-isl4:amd64.
Preparing to unpack .../libcloog-isl4_0.18.2-1_amd64.deb ...
Unpacking libcloog-isl4:amd64 (0.18.2-1) ...
Selecting previously unselected package libgomp1:amd64.
Preparing to unpack .../libgomp1_4.8.4-2ubuntu1~14.04.4_amd64.deb ...
Unpacking libgomp1:amd64 (4.8.4-2ubuntu1~14.04.4) ...
Selecting previously unselected package libitm1:amd64.
Preparing to unpack .../libitm1_4.8.4-2ubuntu1~14.04.4_amd64.deb ...
Unpacking libitm1:amd64 (4.8.4-2ubuntu1~14.04.4) ...
Selecting previously unselected package libmpfr4:amd64.
Preparing to unpack .../libmpfr4_3.1.2-1_amd64.deb ...
Unpacking libmpfr4:amd64 (3.1.2-1) ...
Selecting previously unselected package libquadmath0:amd64.
Preparing to unpack .../libquadmath0_4.8.4-2ubuntu1~14.04.4_amd64.deb ...
Unpacking libquadmath0:amd64 (4.8.4-2ubuntu1~14.04.4) ...
Selecting previously unselected package libtsan0:amd64.
Preparing to unpack .../libtsan0_4.8.4-2ubuntu1~14.04.4_amd64.deb ...
Unpacking libtsan0:amd64 (4.8.4-2ubuntu1~14.04.4) ...
Selecting previously unselected package libpython2.7-minimal:amd64.
Preparing to unpack .../libpython2.7-minimal_2.7.6-8ubuntu0.5_amd64.deb ...
Unpacking libpython2.7-minimal:amd64 (2.7.6-8ubuntu0.5) ...
Selecting previously unselected package python2.7-minimal.
Preparing to unpack .../python2.7-minimal_2.7.6-8ubuntu0.5_amd64.deb ...
Unpacking python2.7-minimal (2.7.6-8ubuntu0.5) ...
Selecting previously unselected package libmpc3:amd64.
Preparing to unpack .../libmpc3_1.0.1-1ubuntu1_amd64.deb ...
Unpacking libmpc3:amd64 (1.0.1-1ubuntu1) ...
Selecting previously unselected package manpages.
Preparing to unpack .../manpages_3.54-1ubuntu1_all.deb ...
Unpacking manpages (3.54-1ubuntu1) ...
Selecting previously unselected package binutils.
Preparing to unpack .../binutils_2.24-5ubuntu14.2_amd64.deb ...
Unpacking binutils (2.24-5ubuntu14.2) ...
Selecting previously unselected package libc-dev-bin.
Preparing to unpack .../libc-dev-bin_2.19-0ubuntu6.15_amd64.deb ...
Unpacking libc-dev-bin (2.19-0ubuntu6.15) ...
Selecting previously unselected package linux-libc-dev:amd64.
Preparing to unpack .../linux-libc-dev_3.13.0-170.220_amd64.deb ...
Unpacking linux-libc-dev:amd64 (3.13.0-170.220) ...
Selecting previously unselected package libc6-dev:amd64.
Preparing to unpack .../libc6-dev_2.19-0ubuntu6.15_amd64.deb ...
Unpacking libc6-dev:amd64 (2.19-0ubuntu6.15) ...
Selecting previously unselected package cpp-4.8.
Preparing to unpack .../cpp-4.8_4.8.4-2ubuntu1~14.04.4_amd64.deb ...
Unpacking cpp-4.8 (4.8.4-2ubuntu1~14.04.4) ...
Selecting previously unselected package cpp.
Preparing to unpack .../cpp_4%3a4.8.2-1ubuntu6_amd64.deb ...
Unpacking cpp (4:4.8.2-1ubuntu6) ...
Selecting previously unselected package libgcc-4.8-dev:amd64.
Preparing to unpack .../libgcc-4.8-dev_4.8.4-2ubuntu1~14.04.4_amd64.deb ...
Unpacking libgcc-4.8-dev:amd64 (4.8.4-2ubuntu1~14.04.4) ...
Selecting previously unselected package gcc-4.8.
Preparing to unpack .../gcc-4.8_4.8.4-2ubuntu1~14.04.4_amd64.deb ...
Unpacking gcc-4.8 (4.8.4-2ubuntu1~14.04.4) ...
Selecting previously unselected package gcc.
Preparing to unpack .../gcc_4%3a4.8.2-1ubuntu6_amd64.deb ...
Unpacking gcc (4:4.8.2-1ubuntu6) ...
Selecting previously unselected package libstdc++-4.8-dev:amd64.
Preparing to unpack .../libstdc++-4.8-dev_4.8.4-2ubuntu1~14.04.4_amd64.deb ...
Unpacking libstdc++-4.8-dev:amd64 (4.8.4-2ubuntu1~14.04.4) ...
Selecting previously unselected package g++-4.8.
Preparing to unpack .../g++-4.8_4.8.4-2ubuntu1~14.04.4_amd64.deb ...
Unpacking g++-4.8 (4.8.4-2ubuntu1~14.04.4) ...
Selecting previously unselected package g++.
Preparing to unpack .../g++_4%3a4.8.2-1ubuntu6_amd64.deb ...
Unpacking g++ (4:4.8.2-1ubuntu6) ...
Selecting previously unselected package make.
Preparing to unpack .../make_3.81-8.2ubuntu3_amd64.deb ...
Unpacking make (3.81-8.2ubuntu3) ...
Selecting previously unselected package libtimedate-perl.
Preparing to unpack .../libtimedate-perl_2.3000-1_all.deb ...
Unpacking libtimedate-perl (2.3000-1) ...
Selecting previously unselected package libdpkg-perl.
Preparing to unpack .../libdpkg-perl_1.17.5ubuntu5.8_all.deb ...
Unpacking libdpkg-perl (1.17.5ubuntu5.8) ...
Selecting previously unselected package xz-utils.
Preparing to unpack .../xz-utils_5.1.1alpha+20120614-2ubuntu2_amd64.deb ...
Unpacking xz-utils (5.1.1alpha+20120614-2ubuntu2) ...
Selecting previously unselected package patch.
Preparing to unpack .../patch_2.7.1-4ubuntu2.4_amd64.deb ...
Unpacking patch (2.7.1-4ubuntu2.4) ...
Selecting previously unselected package dpkg-dev.
Preparing to unpack .../dpkg-dev_1.17.5ubuntu5.8_all.deb ...
Unpacking dpkg-dev (1.17.5ubuntu5.8) ...
Selecting previously unselected package build-essential.
Preparing to unpack .../build-essential_11.6ubuntu6_amd64.deb ...
Unpacking build-essential (11.6ubuntu6) ...
Selecting previously unselected package libfakeroot:amd64.
Preparing to unpack .../libfakeroot_1.20-3ubuntu2_amd64.deb ...
Unpacking libfakeroot:amd64 (1.20-3ubuntu2) ...
Selecting previously unselected package fakeroot.
Preparing to unpack .../fakeroot_1.20-3ubuntu2_amd64.deb ...
Unpacking fakeroot (1.20-3ubuntu2) ...
Selecting previously unselected package libalgorithm-diff-perl.
Preparing to unpack .../libalgorithm-diff-perl_1.19.02-3_all.deb ...
Unpacking libalgorithm-diff-perl (1.19.02-3) ...
Selecting previously unselected package libalgorithm-diff-xs-perl.
Preparing to unpack .../libalgorithm-diff-xs-perl_0.04-2build4_amd64.deb ...
Unpacking libalgorithm-diff-xs-perl (0.04-2build4) ...
Selecting previously unselected package libalgorithm-merge-perl.
Preparing to unpack .../libalgorithm-merge-perl_0.08-2_all.deb ...
Unpacking libalgorithm-merge-perl (0.08-2) ...
Selecting previously unselected package libfile-fcntllock-perl.
Preparing to unpack .../libfile-fcntllock-perl_0.14-2build1_amd64.deb ...
Unpacking libfile-fcntllock-perl (0.14-2build1) ...
Selecting previously unselected package libpython2.7-stdlib:amd64.
Preparing to unpack .../libpython2.7-stdlib_2.7.6-8ubuntu0.5_amd64.deb ...
Unpacking libpython2.7-stdlib:amd64 (2.7.6-8ubuntu0.5) ...
Selecting previously unselected package libpython-stdlib:amd64.
Preparing to unpack .../libpython-stdlib_2.7.5-5ubuntu3_amd64.deb ...
Unpacking libpython-stdlib:amd64 (2.7.5-5ubuntu3) ...
Selecting previously unselected package manpages-dev.
Preparing to unpack .../manpages-dev_3.54-1ubuntu1_all.deb ...
Unpacking manpages-dev (3.54-1ubuntu1) ...
Selecting previously unselected package python2.7.
Preparing to unpack .../python2.7_2.7.6-8ubuntu0.5_amd64.deb ...
Unpacking python2.7 (2.7.6-8ubuntu0.5) ...
Selecting previously unselected package python-minimal.
Preparing to unpack .../python-minimal_2.7.5-5ubuntu3_amd64.deb ...
Unpacking python-minimal (2.7.5-5ubuntu3) ...
Selecting previously unselected package python.
Preparing to unpack .../python_2.7.5-5ubuntu3_amd64.deb ...
Unpacking python (2.7.5-5ubuntu3) ...
Selecting previously unselected package python-all.
Preparing to unpack .../python-all_2.7.5-5ubuntu3_amd64.deb ...
Unpacking python-all (2.7.5-5ubuntu3) ...
Selecting previously unselected package python-chardet.
Preparing to unpack .../python-chardet_2.0.1-2build2_all.deb ...
Unpacking python-chardet (2.0.1-2build2) ...
Selecting previously unselected package python-chardet-whl.
Preparing to unpack .../python-chardet-whl_2.2.1-2~ubuntu1_all.deb ...
Unpacking python-chardet-whl (2.2.1-2~ubuntu1) ...
Selecting previously unselected package python-colorama.
Preparing to unpack .../python-colorama_0.2.5-0.1ubuntu2_all.deb ...
Unpacking python-colorama (0.2.5-0.1ubuntu2) ...
Selecting previously unselected package python-colorama-whl.
Preparing to unpack .../python-colorama-whl_0.2.5-0.1ubuntu2_all.deb ...
Unpacking python-colorama-whl (0.2.5-0.1ubuntu2) ...
Selecting previously unselected package python-distlib.
Preparing to unpack .../python-distlib_0.1.8-1ubuntu1_all.deb ...
Unpacking python-distlib (0.1.8-1ubuntu1) ...
Selecting previously unselected package python-distlib-whl.
Preparing to unpack .../python-distlib-whl_0.1.8-1ubuntu1_all.deb ...
Unpacking python-distlib-whl (0.1.8-1ubuntu1) ...
Selecting previously unselected package python-six.
Preparing to unpack .../python-six_1.5.2-1ubuntu1.1_all.deb ...
Unpacking python-six (1.5.2-1ubuntu1.1) ...
Selecting previously unselected package python-html5lib.
Preparing to unpack .../python-html5lib_0.999-3~ubuntu1_all.deb ...
Unpacking python-html5lib (0.999-3~ubuntu1) ...
Selecting previously unselected package python-html5lib-whl.
Preparing to unpack .../python-html5lib-whl_0.999-3~ubuntu1_all.deb ...
Unpacking python-html5lib-whl (0.999-3~ubuntu1) ...
Selecting previously unselected package python-six-whl.
Preparing to unpack .../python-six-whl_1.5.2-1ubuntu1.1_all.deb ...
Unpacking python-six-whl (1.5.2-1ubuntu1.1) ...
Selecting previously unselected package python-urllib3-whl.
Preparing to unpack .../python-urllib3-whl_1.7.1-1ubuntu4.1_all.deb ...
Unpacking python-urllib3-whl (1.7.1-1ubuntu4.1) ...
Selecting previously unselected package python-requests-whl.
Preparing to unpack .../python-requests-whl_2.2.1-1ubuntu0.4_all.deb ...
Unpacking python-requests-whl (2.2.1-1ubuntu0.4) ...
Selecting previously unselected package python-setuptools-whl.
Preparing to unpack .../python-setuptools-whl_3.3-1ubuntu2_all.deb ...
Unpacking python-setuptools-whl (3.3-1ubuntu2) ...
Selecting previously unselected package python-pip-whl.
Preparing to unpack .../python-pip-whl_1.5.4-1ubuntu4_all.deb ...
Unpacking python-pip-whl (1.5.4-1ubuntu4) ...
Selecting previously unselected package python-pkg-resources.
Preparing to unpack .../python-pkg-resources_3.3-1ubuntu2_all.deb ...
Unpacking python-pkg-resources (3.3-1ubuntu2) ...
Selecting previously unselected package python-urllib3.
Preparing to unpack .../python-urllib3_1.7.1-1ubuntu4.1_all.deb ...
Unpacking python-urllib3 (1.7.1-1ubuntu4.1) ...
Selecting previously unselected package python-requests.
Preparing to unpack .../python-requests_2.2.1-1ubuntu0.4_all.deb ...
Unpacking python-requests (2.2.1-1ubuntu0.4) ...
Selecting previously unselected package python-setuptools.
Preparing to unpack .../python-setuptools_3.3-1ubuntu2_all.deb ...
Unpacking python-setuptools (3.3-1ubuntu2) ...
Selecting previously unselected package python-pip.
Preparing to unpack .../python-pip_1.5.4-1ubuntu4_all.deb ...
Unpacking python-pip (1.5.4-1ubuntu4) ...
Selecting previously unselected package python-wheel.
Preparing to unpack .../python-wheel_0.24.0-1~ubuntu1.1_all.deb ...
Unpacking python-wheel (0.24.0-1~ubuntu1.1) ...
Processing triggers for mime-support (3.54ubuntu1.1) ...
Setting up libasan0:amd64 (4.8.4-2ubuntu1~14.04.4) ...
Setting up libatomic1:amd64 (4.8.4-2ubuntu1~14.04.4) ...
Setting up libgmp10:amd64 (2:5.1.3+dfsg-1ubuntu1) ...
Setting up libisl10:amd64 (0.12.2-1) ...
Setting up libcloog-isl4:amd64 (0.18.2-1) ...
Setting up libgomp1:amd64 (4.8.4-2ubuntu1~14.04.4) ...
Setting up libitm1:amd64 (4.8.4-2ubuntu1~14.04.4) ...
Setting up libmpfr4:amd64 (3.1.2-1) ...
Setting up libquadmath0:amd64 (4.8.4-2ubuntu1~14.04.4) ...
Setting up libtsan0:amd64 (4.8.4-2ubuntu1~14.04.4) ...
Setting up libpython2.7-minimal:amd64 (2.7.6-8ubuntu0.5) ...
Setting up python2.7-minimal (2.7.6-8ubuntu0.5) ...
Setting up libmpc3:amd64 (1.0.1-1ubuntu1) ...
Setting up manpages (3.54-1ubuntu1) ...
Setting up binutils (2.24-5ubuntu14.2) ...
Setting up libc-dev-bin (2.19-0ubuntu6.15) ...
Setting up linux-libc-dev:amd64 (3.13.0-170.220) ...
Setting up libc6-dev:amd64 (2.19-0ubuntu6.15) ...
Setting up cpp-4.8 (4.8.4-2ubuntu1~14.04.4) ...
Setting up cpp (4:4.8.2-1ubuntu6) ...
Setting up libgcc-4.8-dev:amd64 (4.8.4-2ubuntu1~14.04.4) ...
Setting up gcc-4.8 (4.8.4-2ubuntu1~14.04.4) ...
Setting up gcc (4:4.8.2-1ubuntu6) ...
Setting up libstdc++-4.8-dev:amd64 (4.8.4-2ubuntu1~14.04.4) ...
Setting up g++-4.8 (4.8.4-2ubuntu1~14.04.4) ...
Setting up g++ (4:4.8.2-1ubuntu6) ...
update-alternatives: using /usr/bin/g++ to provide /usr/bin/c++ (c++) in auto mode
Setting up make (3.81-8.2ubuntu3) ...
Setting up libtimedate-perl (2.3000-1) ...
Setting up libdpkg-perl (1.17.5ubuntu5.8) ...
Setting up xz-utils (5.1.1alpha+20120614-2ubuntu2) ...
update-alternatives: using /usr/bin/xz to provide /usr/bin/lzma (lzma) in auto mode
Setting up patch (2.7.1-4ubuntu2.4) ...
Setting up dpkg-dev (1.17.5ubuntu5.8) ...
Setting up build-essential (11.6ubuntu6) ...
Setting up libfakeroot:amd64 (1.20-3ubuntu2) ...
Setting up fakeroot (1.20-3ubuntu2) ...
update-alternatives: using /usr/bin/fakeroot-sysv to provide /usr/bin/fakeroot (fakeroot) in auto mode
Setting up libalgorithm-diff-perl (1.19.02-3) ...
Setting up libalgorithm-diff-xs-perl (0.04-2build4) ...
Setting up libalgorithm-merge-perl (0.08-2) ...
Setting up libfile-fcntllock-perl (0.14-2build1) ...
Setting up libpython2.7-stdlib:amd64 (2.7.6-8ubuntu0.5) ...
Setting up libpython-stdlib:amd64 (2.7.5-5ubuntu3) ...
Setting up manpages-dev (3.54-1ubuntu1) ...
Setting up python2.7 (2.7.6-8ubuntu0.5) ...
Setting up python-minimal (2.7.5-5ubuntu3) ...
Setting up python (2.7.5-5ubuntu3) ...
Setting up python-all (2.7.5-5ubuntu3) ...
Setting up python-chardet (2.0.1-2build2) ...
Setting up python-chardet-whl (2.2.1-2~ubuntu1) ...
Setting up python-colorama (0.2.5-0.1ubuntu2) ...
Setting up python-colorama-whl (0.2.5-0.1ubuntu2) ...
Setting up python-distlib (0.1.8-1ubuntu1) ...
Setting up python-distlib-whl (0.1.8-1ubuntu1) ...
Setting up python-six (1.5.2-1ubuntu1.1) ...
Setting up python-html5lib (0.999-3~ubuntu1) ...
Setting up python-html5lib-whl (0.999-3~ubuntu1) ...
Setting up python-six-whl (1.5.2-1ubuntu1.1) ...
Setting up python-urllib3-whl (1.7.1-1ubuntu4.1) ...
Setting up python-requests-whl (2.2.1-1ubuntu0.4) ...
Setting up python-setuptools-whl (3.3-1ubuntu2) ...
Setting up python-pip-whl (1.5.4-1ubuntu4) ...
Setting up python-pkg-resources (3.3-1ubuntu2) ...
Setting up python-urllib3 (1.7.1-1ubuntu4.1) ...
Setting up python-requests (2.2.1-1ubuntu0.4) ...
Setting up python-setuptools (3.3-1ubuntu2) ...
Setting up python-pip (1.5.4-1ubuntu4) ...
Setting up python-wheel (0.24.0-1~ubuntu1.1) ...
Processing triggers for libc-bin (2.19-0ubuntu6.15) ...
Removing intermediate container a5642aac01d3
 ---> 460894cdb878
Step 5/10 : ADD ./webapp/requirements.txt /tmp/requirements.txt
 ---> ffbb35ec7348
Step 6/10 : RUN pip install -qr /tmp/requirements.txt
 ---> Running in 6228e42b7f88
Compiling /tmp/pip_build_root/Jinja2/jinja2/asyncfilters.py ...
  File "/tmp/pip_build_root/Jinja2/jinja2/asyncfilters.py", line 8
    async def auto_to_seq(value):
            ^
SyntaxError: invalid syntax

Compiling /tmp/pip_build_root/Jinja2/jinja2/asyncsupport.py ...
  File "/tmp/pip_build_root/Jinja2/jinja2/asyncsupport.py", line 18
    async def concat_async(async_gen):
            ^
SyntaxError: invalid syntax

Removing intermediate container 6228e42b7f88
 ---> f14987a693aa
Step 7/10 : ADD ./webapp /opt/webapp/
 ---> f2b018da0609
Step 8/10 : WORKDIR /opt/webapp
 ---> Running in adf536ca532b
Removing intermediate container adf536ca532b
 ---> 0ed810ef1818
Step 9/10 : EXPOSE 5000
 ---> Running in a8a3032edb25
Removing intermediate container a8a3032edb25
 ---> ddbf31c52aa5
Step 10/10 : CMD ["python", "app.py"]
 ---> Running in 6e1000e93f54
Removing intermediate container 6e1000e93f54
 ---> 6af9d618f0a5
Successfully built 6af9d618f0a5
Successfully tagged flask-webapp:latest
krishna@evoke:~/Containerization/webapp-master$ docker images
Got permission denied while trying to connect to the Docker daemon socket at unix:///var/run/docker.sock: Get http://%2Fvar%2Frun%2Fdocker.sock/v1.40/images/json: dial unix /var/run/docker.sock: connect: permission denied
krishna@evoke:~/Containerization/webapp-master$ sudo docker images
[sudo] password for krishna: 
REPOSITORY                 TAG                 IMAGE ID            CREATED             SIZE
flask-webapp               latest              6af9d618f0a5        29 minutes ago      358MB
kdursoji91/ipc-container   1.0.0               defb7effd838        10 hours ago        212MB
ipc-container              latest              defb7effd838        10 hours ago        212MB
ubuntu                     14.04               df043b4f0cf1        18 hours ago        197MB
ubuntu                     latest              bb0eaf4eee00        19 hours ago        72.9MB
krishna@evoke:~/Containerization/webapp-master$ sudo docker login
^[[HAuthenticating with existing credentials...
^[[H^[[H^[[H^[[HWARNING! Your password will be stored unencrypted in /root/.docker/config.json.
Configure a credential helper to remove this warning. See
https://docs.docker.com/engine/reference/commandline/login/#credentials-store

Login Succeeded
krishna@evoke:~/Containerization/webapp-master$ sudo docker tag flask-webapp kdursoji91/flask-webapp:1.0.0​
Error parsing reference: "kdursoji91/flask-webapp:1.0.0\u200b" is not a valid repository/tag: invalid reference format
krishna@evoke:~/Containerization/webapp-master$ sudo docker tag flask-webapp kdursoji91/flask-webapp:1.0.0​
[sudo] password for krishna: 
Error parsing reference: "kdursoji91/flask-webapp:1.0.0\u200b" is not a valid repository/tag: invalid reference format
krishna@evoke:~/Containerization/webapp-master$ sudo docker tag flask-webapp kdursoji91/flask-webapp:1.0.0
krishna@evoke:~/Containerization/webapp-master$ sudo docker images
REPOSITORY                 TAG                 IMAGE ID            CREATED             SIZE
kdursoji91/flask-webapp    1.0.0               6af9d618f0a5        About an hour ago   358MB
flask-webapp               latest              6af9d618f0a5        About an hour ago   358MB
kdursoji91/ipc-container   1.0.0               defb7effd838        11 hours ago        212MB
ipc-container              latest              defb7effd838        11 hours ago        212MB
ubuntu                     14.04               df043b4f0cf1        19 hours ago        197MB
ubuntu                     latest              bb0eaf4eee00        19 hours ago        72.9MB
krishna@evoke:~/Containerization/webapp-master$ sudo docker push kdursoji91/flask-webapp:1.0.0​
invalid reference format
krishna@evoke:~/Containerization/webapp-master$ sudo docker push kdursoji91/flask-webapp:1.0.0​
invalid reference format
krishna@evoke:~/Containerization/webapp-master$ sudo docker push kdursoji91/flask-webapp
The push refers to repository [docker.io/kdursoji91/flask-webapp]
7c3060464ab6: Pushed 
c4bfa9b88b63: Pushed 
8199f343169b: Pushed 
30aa7fc30e8f: Pushed 
c661effa0bc8: Pushed 
e156c976a2ba: Mounted from library/ubuntu 
45d8dc025525: Mounted from library/ubuntu 
f2fa9f4cf8fd: Mounted from library/ubuntu 
1.0.0: digest: sha256:d6ed1f2478205482271bce1d1d576aaadf6cd699fff2e485731dba125436b5ea size: 1995
krishna@evoke:~/Containerization/webapp-master$ minikube start
krishna@evoke:~/Containerization/webapp-master$ ls
cmd  config-file.yaml  Dockerfile  nginx-proxy-config.yaml  webapp
krishna@evoke:~/Containerization/webapp-master$ kubectl apply -f .
configmap/mc3-nginx-conf unchanged
pod/mc3 created
krishna@evoke:~/Containerization/webapp-master$ kubectl get pod
NAME   READY   STATUS    RESTARTS   AGE
mc3    2/2     Running   0          6s
krishna@evoke:~/Containerization/webapp-master$ kubectl describe pod mc3
Name:         mc3
Namespace:    default
Priority:     0
Node:         minikube/192.168.99.111
Start Time:   Thu, 17 Sep 2020 23:54:24 +0530
Labels:       app=mc3
Annotations:  Status:  Running
IP:           172.17.0.3
IPs:
  IP:  172.17.0.3
Containers:
  webapp:
    Container ID:   docker://71517ef6d939a8490af79866e5e4ab9a83a4588bc7d5e133e638f9d85b56c699
    Image:          kdursoji91/flask-webapp:1.0.0
    Image ID:       docker-pullable://kdursoji91/flask-webapp@sha256:d6ed1f2478205482271bce1d1d576aaadf6cd699fff2e485731dba125436b5ea
    Port:           <none>
    Host Port:      <none>
    State:          Running
      Started:      Thu, 17 Sep 2020 23:54:25 +0530
    Ready:          True
    Restart Count:  0
    Environment:    <none>
    Mounts:
      /var/run/secrets/kubernetes.io/serviceaccount from default-token-h7wkd (ro)
  nginx:
    Container ID:   docker://9443806c41bd27d1a8b0510586a4e1af350aec416cb04d89fab1f96fc726afdd
    Image:          nginx:alpine
    Image ID:       docker-pullable://nginx@sha256:a97eb9ecc708c8aa715ccfb5e9338f5456e4b65575daf304f108301f3b497314
    Port:           80/TCP
    Host Port:      0/TCP
    State:          Running
      Started:      Thu, 17 Sep 2020 23:54:26 +0530
    Ready:          True
    Restart Count:  0
    Environment:    <none>
    Mounts:
      /etc/nginx/nginx.conf from nginx-proxy-config (rw,path="nginx.conf")
      /var/run/secrets/kubernetes.io/serviceaccount from default-token-h7wkd (ro)
Conditions:
  Type              Status
  Initialized       True 
  Ready             True 
  ContainersReady   True 
  PodScheduled      True 
Volumes:
  nginx-proxy-config:
    Type:      ConfigMap (a volume populated by a ConfigMap)
    Name:      mc3-nginx-conf
    Optional:  false
  default-token-h7wkd:
    Type:        Secret (a volume populated by a Secret)
    SecretName:  default-token-h7wkd
    Optional:    false
QoS Class:       BestEffort
Node-Selectors:  <none>
Tolerations:     node.kubernetes.io/not-ready:NoExecute for 300s
                 node.kubernetes.io/unreachable:NoExecute for 300s
Events:
  Type    Reason     Age   From               Message
  ----    ------     ----  ----               -------
  Normal  Scheduled  16s   default-scheduler  Successfully assigned default/mc3 to minikube
  Normal  Pulled     15s   kubelet, minikube  Container image "kdursoji91/flask-webapp:1.0.0" already present on machine
  Normal  Created    15s   kubelet, minikube  Created container webapp
  Normal  Started    15s   kubelet, minikube  Started container webapp
  Normal  Pulled     15s   kubelet, minikube  Container image "nginx:alpine" already present on machine
  Normal  Created    14s   kubelet, minikube  Created container nginx
  Normal  Started    14s   kubelet, minikube  Started container nginx
krishna@evoke:~/Containerization/webapp-master$ kubectl expose pod mc3 --type=NodePort --port=80
service/mc3 exposed
krishna@evoke:~/Containerization/webapp-master$ kubectl describe service mc3
Name:                     mc3
Namespace:                default
Labels:                   app=mc3
Annotations:              <none>
Selector:                 app=mc3
Type:                     NodePort
IP:                       10.96.81.118
Port:                     <unset>  80/TCP
TargetPort:               80/TCP
NodePort:                 <unset>  30776/TCP
Endpoints:                172.17.0.3:80
Session Affinity:         None
External Traffic Policy:  Cluster
Events:                   <none>
krishna@evoke:~/Containerization/webapp-master$ kubectl service
Error: unknown command "service" for "kubectl"
Run 'kubectl --help' for usage.
krishna@evoke:~/Containerization/webapp-master$ kubectl get service
NAME         TYPE        CLUSTER-IP     EXTERNAL-IP   PORT(S)        AGE
kubernetes   ClusterIP   10.96.0.1      <none>        443/TCP        8m27s
mc3          NodePort    10.96.81.118   <none>        80:30776/TCP   4m45s
krishna@evoke:~/Containerization/webapp-master$ minikube service mc3
|-----------|------|-------------|-----------------------------|
| NAMESPACE | NAME | TARGET PORT |             URL             |
|-----------|------|-------------|-----------------------------|
| default   | mc3  |          80 | http://192.168.99.111:30776 |
|-----------|------|-------------|-----------------------------|
🎉  Opening service default/mc3 in default browser...

